running egg_info
creating ../../build/serial_comm/serial_comm.egg-info
writing ../../build/serial_comm/serial_comm.egg-info/PKG-INFO
writing dependency_links to ../../build/serial_comm/serial_comm.egg-info/dependency_links.txt
writing entry points to ../../build/serial_comm/serial_comm.egg-info/entry_points.txt
writing requirements to ../../build/serial_comm/serial_comm.egg-info/requires.txt
writing top-level names to ../../build/serial_comm/serial_comm.egg-info/top_level.txt
writing manifest file '../../build/serial_comm/serial_comm.egg-info/SOURCES.txt'
reading manifest file '../../build/serial_comm/serial_comm.egg-info/SOURCES.txt'
writing manifest file '../../build/serial_comm/serial_comm.egg-info/SOURCES.txt'
running build
running build_py
creating /home/roger/Github/home-electronics/omnibase_ws/build/serial_comm/build
creating /home/roger/Github/home-electronics/omnibase_ws/build/serial_comm/build/lib
creating /home/roger/Github/home-electronics/omnibase_ws/build/serial_comm/build/lib/serial_comm
copying serial_comm/__init__.py -> /home/roger/Github/home-electronics/omnibase_ws/build/serial_comm/build/lib/serial_comm
copying serial_comm/serial_communication.py -> /home/roger/Github/home-electronics/omnibase_ws/build/serial_comm/build/lib/serial_comm
running install
running install_lib
creating /home/roger/Github/home-electronics/omnibase_ws/install/serial_comm/lib/python3.10/site-packages/serial_comm
copying /home/roger/Github/home-electronics/omnibase_ws/build/serial_comm/build/lib/serial_comm/__init__.py -> /home/roger/Github/home-electronics/omnibase_ws/install/serial_comm/lib/python3.10/site-packages/serial_comm
copying /home/roger/Github/home-electronics/omnibase_ws/build/serial_comm/build/lib/serial_comm/serial_communication.py -> /home/roger/Github/home-electronics/omnibase_ws/install/serial_comm/lib/python3.10/site-packages/serial_comm
byte-compiling /home/roger/Github/home-electronics/omnibase_ws/install/serial_comm/lib/python3.10/site-packages/serial_comm/__init__.py to __init__.cpython-310.pyc
byte-compiling /home/roger/Github/home-electronics/omnibase_ws/install/serial_comm/lib/python3.10/site-packages/serial_comm/serial_communication.py to serial_communication.cpython-310.pyc
running install_data
creating /home/roger/Github/home-electronics/omnibase_ws/install/serial_comm/share/ament_index
creating /home/roger/Github/home-electronics/omnibase_ws/install/serial_comm/share/ament_index/resource_index
creating /home/roger/Github/home-electronics/omnibase_ws/install/serial_comm/share/ament_index/resource_index/packages
copying resource/serial_comm -> /home/roger/Github/home-electronics/omnibase_ws/install/serial_comm/share/ament_index/resource_index/packages
copying package.xml -> /home/roger/Github/home-electronics/omnibase_ws/install/serial_comm/share/serial_comm
running install_egg_info
Copying ../../build/serial_comm/serial_comm.egg-info to /home/roger/Github/home-electronics/omnibase_ws/install/serial_comm/lib/python3.10/site-packages/serial_comm-0.0.0-py3.10.egg-info
running install_scripts
Installing serial_communication script to /home/roger/Github/home-electronics/omnibase_ws/install/serial_comm/lib/serial_comm
writing list of installed files to '/home/roger/Github/home-electronics/omnibase_ws/build/serial_comm/install.log'
